HELPER floor01.x flag 4 name floor01 vertices 7 triangles 5 bounds ([-357.8999938964844, -438.0, 10.0], [437.0, 302.6000061035156, 10.0])
HELPER floor02.x flag 4 name floor02 vertices 4 triangles 2 bounds ([-438.0, -438.0, 10.0], [437.0, 375.79998779296875, 10.0])
HELPER floor03.x flag 4 name floor03 vertices 5 triangles 3 bounds ([-438.0, -438.0, 10.0], [437.0, 375.79998779296875, 10.0])
HELPER floor04.x flag 4 name floor04 vertices 4 triangles 2 bounds ([-438.0, -438.0, 10.0], [437.0, 437.0, 10.0])
HELPER floor05.x flag 4 name floor05 vertices 4 triangles 2 bounds ([-438.0, -438.0, 10.0], [437.0, 437.0, 10.0])
HELPER floor06.x flag 4 name floor06 vertices 32 triangles 51 bounds ([-438.0, -438.0, 10.0], [437.0, 437.0, 20.0])
HELPER floor07.x flag 4 name floor07 vertices 4 triangles 2 bounds ([-438.0, -438.0, 20.0], [437.0, 437.0, 20.0])
HELPER floor08.x flag 4 name floor08 vertices 88 triangles 137 bounds ([-438.0, -438.0, 20.0], [451.5, 468.8999938964844, 42.29999923706055])
HELPER floor09.x flag 4 name floor09 vertices 5 triangles 3 bounds ([-357.8999938964844, -438.0, 10.0], [437.0, 437.0, 10.0])
HELPER floor10.x flag 4 name floor10 vertices 38 triangles 63 bounds ([-438.0, -438.0, 0.0], [437.0, 437.0, 10.0])
HELPER floor11.x flag 4 name floor11 vertices 21 triangles 30 bounds ([-438.0, -438.0, 0.0], [437.0, 437.0, 10.0])
HELPER floor12.x flag 4 name floor12 vertices 5 triangles 3 bounds ([-438.0, -438.0, 10.0], [437.0, 437.0, 10.0])
HELPER floor13.x flag 4 name floor13 vertices 4 triangles 2 bounds ([-438.0, -438.0, 10.0], [437.0, 437.0, 10.0])
HELPER floor14.x flag 4 name floor14 vertices 26 triangles 37 bounds ([-438.0, -438.0, 10.0], [437.0, 437.0, 20.0])
HELPER floor15.x flag 4 name floor15 vertices 9 triangles 8 bounds ([-438.0, -438.0, 20.0], [437.0, 437.0, 20.0])
HELPER floor16.x flag 4 name floor16 vertices 8 triangles 4 bounds ([-438.0, -438.0, 20.0], [547.4000244140625, 437.0, 20.0])
HELPER floor17.x flag 4 name floor17 vertices 4 triangles 2 bounds ([-357.8999938964844, -438.0, 10.0], [437.0, 437.0, 10.0])
HELPER floor18.x flag 4 name floor18 vertices 20 triangles 29 bounds ([-438.0, -438.0, 0.0], [437.0, 437.0, 10.0])
HELPER floor19.x flag 4 name floor19 vertices 13 triangles 13 bounds ([-438.0, -438.0, 0.0], [437.0, 437.0, 10.0])
HELPER floor20.x flag 4 name floor20 vertices 19 triangles 26 bounds ([-438.0, -438.0, 0.0], [437.0, 437.0, 10.0])
HELPER floor21.x flag 4 name floor21 vertices 5 triangles 3 bounds ([-438.0, -438.0, 10.0], [437.0, 437.0, 10.0])
HELPER floor22.x flag 4 name floor22 vertices 16 triangles 20 bounds ([-438.0, -438.0, 10.0], [437.0, 437.0, 20.0])
HELPER floor23.x flag 4 name floor23 vertices 28 triangles 42 bounds ([-438.0, -438.0, 10.0], [437.0, 437.0, 20.0])
HELPER floor24.x flag 4 name floor24 vertices 26 triangles 40 bounds ([-438.0, -438.0, 10.0], [437.0, 437.0, 20.0])
HELPER floor25.x flag 4 name floor25 vertices 4 triangles 2 bounds ([-357.8999938964844, -438.0, 10.0], [437.0, 437.0, 10.0])
HELPER floor26.x flag 4 name floor26 vertices 7 triangles 5 bounds ([-438.0, -437.8999938964844, 0.0], [437.0, 437.1000061035156, 10.0])
HELPER floor27.x flag 4 name floor27 vertices 36 triangles 59 bounds ([-438.0, -438.0, 0.0], [437.0, 437.0, 10.0])
HELPER floor28.x flag 4 name floor28 vertices 43 triangles 72 bounds ([-438.0, -438.0, 0.0], [437.0, 437.0, 10.0])
HELPER floor29.x flag 4 name floor29 vertices 7 triangles 6 bounds ([-438.0, -438.0, 10.0], [437.0, 437.0, 10.0])
HELPER floor30.x flag 4 name floor30 vertices 4 triangles 2 bounds ([-438.0, -438.0, 10.0], [437.0, 437.0, 10.0])
HELPER floor31.x flag 4 name floor31 vertices 4 triangles 2 bounds ([-438.0, -438.0, 10.0], [437.0, 437.0, 10.0])
HELPER floor32.x flag 4 name floor32 vertices 4 triangles 2 bounds ([-438.0, -438.0, 10.0], [437.0, 437.0, 10.0])
HELPER floor33.x flag 4 name floor33 vertices 4 triangles 2 bounds ([-438.0, -438.0, 10.0], [437.0, 437.0, 10.0])
HELPER floor34.x flag 4 name floor34 vertices 4 triangles 2 bounds ([-438.0, -438.0, 10.0], [437.0, 437.0, 10.0])
HELPER floor35.x flag 4 name floor35 vertices 4 triangles 2 bounds ([-438.0, -438.0, 10.0], [437.0, 437.0, 10.0])
HELPER floor36.x flag 4 name floor36 vertices 8 triangles 8 bounds ([-438.0, -438.0, 10.0], [437.0, 437.0, 10.0])
HELPER floor37.x flag 4 name floor37 vertices 63 triangles 112 bounds ([-438.0, -438.0, 0.0], [437.0, 437.0, 10.0])
HELPER floor38.x flag 4 name floor38 vertices 23 triangles 34 bounds ([-438.0, -438.0, 0.0], [437.0, 437.0, 10.0])
HELPER floor39.x flag 4 name floor39 vertices 5 triangles 3 bounds ([-438.0, -438.0, 10.0], [437.0, 437.0, 10.0])
HELPER floor40.x flag 4 name floor40 vertices 4 triangles 2 bounds ([-438.0, -438.0, 10.0], [437.0, 437.0, 10.0])
HELPER floor41.x flag 4 name floor41 vertices 19 triangles 25 bounds ([-438.0, -438.0, 10.0], [437.0, 437.0, 20.0])
HELPER floor42.x flag 4 name floor42 vertices 25 triangles 36 bounds ([-438.0, -438.0, 10.0], [437.0, 437.0, 20.0])
HELPER floor43.x flag 4 name floor43 vertices 8 triangles 6 bounds ([-438.0, -438.0, 10.0], [437.0, 437.0, 15.0])
HELPER floor44.x flag 4 name floor44 vertices 4 triangles 2 bounds ([-438.0, -438.0, 10.0], [437.0, 437.0, 10.0])
HELPER floor45.x flag 4 name floor45 vertices 26 triangles 40 bounds ([-438.0, -438.0, 0.0], [437.0, 437.0, 10.0])
HELPER floor46.x flag 4 name floor46 vertices 35 triangles 52 bounds ([-438.0, -438.0, 0.0], [437.0, 437.0, 10.0])
HELPER floor47.x flag 4 name floor47 vertices 25 triangles 37 bounds ([-438.0, -438.0, 0.0], [437.0, 437.0, 10.0])
HELPER floor48.x flag 4 name floor48 vertices 4 triangles 2 bounds ([-438.0, -438.0, 10.0], [437.0, 437.0, 10.0])
HELPER floor49.x flag 4 name floor49 vertices 4 triangles 2 bounds ([-438.0, -438.0, 20.0], [437.0, 437.0, 20.0])
HELPER floor50.x flag 4 name floor50 vertices 9 triangles 8 bounds ([-438.0, -438.0, 15.0], [437.0, 437.0, 20.0])
HELPER floor51.x flag 4 name floor51 vertices 19 triangles 25 bounds ([-438.0, -438.0, 10.0], [437.0, 437.0, 20.0])
HELPER floor52.x flag 4 name floor52 vertices 8 triangles 6 bounds ([-438.0, -438.0, 10.0], [437.0, 437.0, 10.0])
HELPER floor53.x flag 4 name floor53 vertices 4 triangles 2 bounds ([-438.0, -438.0, 10.0], [437.0, 437.0, 10.0])
HELPER floor54.x flag 4 name floor54 vertices 21 triangles 30 bounds ([-438.0, -438.0, 0.0], [437.0, 437.0, 10.0])
HELPER floor55.x flag 4 name floor55 vertices 31 triangles 50 bounds ([-438.0, -438.0, 0.0], [437.0, 437.0, 10.0])
HELPER floor56.x flag 4 name floor56 vertices 4 triangles 2 bounds ([-438.0, -438.0, 10.0], [437.0, 437.0, 10.0])
HELPER floor57.x flag 4 name floor57 vertices 75 triangles 110 bounds ([-462.20001220703125, -461.6000061035156, 20.0], [437.0, 437.0, 34.599998474121094])
HELPER floor58.x flag 4 name floor58 vertices 4 triangles 2 bounds ([-438.0, -438.0, 20.0], [437.0, 437.0, 20.0])
HELPER floor59.x flag 4 name floor59 vertices 21 triangles 30 bounds ([-438.0, -438.0, 10.0], [437.0, 437.0, 20.0])
HELPER floor60.x flag 4 name floor60 vertices 10 triangles 9 bounds ([-438.0, -367.6000061035156, 10.0], [437.0, 437.0, 10.0])
HELPER floor61.x flag 4 name floor61 vertices 4 triangles 2 bounds ([-438.0, -229.39999389648438, 10.0], [437.0, 437.0, 10.0])
HELPER floor62.x flag 4 name floor62 vertices 4 triangles 2 bounds ([-438.0, -311.1000061035156, 10.0], [437.0, 437.0, 10.0])
HELPER floor63.x flag 4 name floor63 vertices 4 triangles 2 bounds ([-438.0, -325.0, 10.0], [437.0, 437.0, 10.0])
HELPER floor64.x flag 4 name floor64 vertices 4 triangles 2 bounds ([-438.0, -325.0, 10.0], [437.0, 437.0, 10.0])
