Using bundled DotNet SDK version: 10.0 win-x64
Running UnrealBuildTool: dotnet "..\..\Engine\Binaries\DotNET\UnrealBuildTool\UnrealBuildTool.dll" EternalRebirthEditor Win64 Development -Project=G:\Code\UE\EternalRebirth\EternalRebirth.uproject -WaitMutex -NoHotReloadFromIDE
Log file: C:\Users\Administrator\AppData\Local\UnrealBuildTool\Log.txt
Determining max actions to execute in parallel (6 physical cores, 12 logical cores)
  Executing up to 6 processes, one per physical core
UbaServer - Listening on 0.0.0.0:1345
Visual Studio toolchain version 14.38.33143 is not a preferred version. Please use a preferred toolchain such as 14.50.35717
Building EternalRebirthEditor...
===== Toolchain Information =====
Using ISPC compiler (D:\Epic Games\UE_5.8\Engine\Source\ThirdParty\Intel\ISPC\bin\Windows\ispc.exe)
  Intel(r) Implicit SPMD Program Compiler (Intel(r) ISPC), 1.24.0 (build commit  @ 20250404, LLVM 18.1.2) 
Using Clang 20.1.8 compiler (G:\Code\UE\Tools\LLVM) with Visual Studio 14.38.33143 runtime (C:\Program Files\Microsoft Visual Studio\2022\Community\VC\Tools\MSVC\14.38.33130) and Windows 10.0.22621.0 SDK (C:\Program Files (x86)\Windows Kits\10).
Notice: Visual Studio runtime 14.38.33143 is not a preferred version
=================================
Using Unreal Build Accelerator local executor to run 4 action(s)
  CPU 6 physical cores, 12 logical cores
  Memory 31.81 GB physical, 28.14 GB/34.31 GB committed
  UBA Storage capacity 40 GB
[1/4] Compile [x64] CombatPrototype.cpp
[2/4] Link [x64] UnrealEditor-EternalRebirth.lib
[3/4] Link [x64] UnrealEditor-EternalRebirth.dll
[4/4] WriteMetadata EternalRebirthEditor.target [NoUba]

Total time in Unreal Build Accelerator local executor: 11.35 seconds
Output binary: D:\Epic Games\UE_5.8\Engine\Binaries\Win64\UnrealEditor.exe

Result: Succeeded
Total execution time: 12.66 seconds
Trace written to file C:\Users\Administrator\AppData\Local\UnrealBuildTool\Trace.uba with size 6.3kb
