FBX version: 7400
FBX version: 7400
FBX version: 7400
FBX version: 7400
FBX version: 7400
FBX version: 7400
COMBAT_FBX_GROUND (0, 0) []
COMBAT_FBX_GROUND (0, -500) []
COMBAT_FBX_GROUND (0, -1000) []
COMBAT_FBX_GROUND (500, -1000) []
COMBAT_FBX_GROUND (1000, -1000) []
COMBAT_FBX_GROUND (1500, -1000) []
COMBAT_FBX_GROUND (2000, -1000) []
COMBAT_FBX_GROUND (2200, -1500) []
COMBAT_FBX_GROUND (2200, -2000) []
COMBAT_FBX_GROUND (500, 1400) []
COMBAT_FBX_GROUND (1000, 1400) []
COMBAT_FBX_GROUND (-500, 1400) []
COMBAT_FBX_GROUND (-1500, 1000) []
COMBAT_FBX_GROUND (1500, -1500) []
COMBAT_FBX_GROUND (1700, -1500) []
COMBAT_FBX_GROUND (1900, -1500) []
COMBAT_FBX_GROUND (2100, -1500) []
Blender 4.3.1 (hash 33d812126174 built 2024-12-10 10:08:19)

Blender quit
