FBX version: 7400
COMBAT_FBX_BOUNDS SM_Arena_2_2.fbx (-17.7, -17.7, -0.4) (29.8, 33.4, 2.6)
FBX version: 7400
COMBAT_FBX_BOUNDS SM_Arena_3_2.fbx (17.3, -24.9, -0.5) (69.8, 31.0, 5.4)
FBX version: 7400
COMBAT_FBX_BOUNDS SM_Arena_2_3.fbx (-22.6, 17.3, -0.4) (31.0, 69.8, 4.2)
FBX version: 7400
COMBAT_FBX_BOUNDS SM_Arena_2_1.fbx (-21.8, -54.9, -1.3) (28.6, -8.5, 4.1)
FBX version: 7400
COMBAT_FBX_BOUNDS SM_Arena_1_2.fbx (-53.0, -21.8, -1.1) (-8.3, 28.3, 5.4)
FBX version: 7400
COMBAT_FBX_BOUNDS SM_Arena_1_1.fbx (-81.5, -78.1, -12.9) (22.3, 1.9, 8.3)
COMBAT_FBX_GROUND (0, 0) []
COMBAT_FBX_GROUND (0, -500) []
COMBAT_FBX_GROUND (0, -1000) []
COMBAT_FBX_GROUND (500, -1000) []
COMBAT_FBX_GROUND (1000, -1000) []
COMBAT_FBX_GROUND (1500, -1000) []
COMBAT_FBX_GROUND (2000, -1000) []
COMBAT_FBX_GROUND (2200, -1500) []
COMBAT_FBX_GROUND (2200, -2000) []
COMBAT_FBX_GROUND (500, 1400) []
COMBAT_FBX_GROUND (1000, 1400) []
COMBAT_FBX_GROUND (-500, 1400) []
COMBAT_FBX_GROUND (-1500, 1000) []
COMBAT_FBX_GROUND (1500, -1500) []
COMBAT_FBX_GROUND (1700, -1500) []
COMBAT_FBX_GROUND (1900, -1500) []
COMBAT_FBX_GROUND (2100, -1500) []
Blender 4.3.1 (hash 33d812126174 built 2024-12-10 10:08:19)

Blender quit
