CONVERT 50 581
CONVERT 100 581
CONVERT 150 581
CONVERT 200 581
CONVERT 250 581
CONVERT 300 581
Warning: No mesh data to join

FBX export starting... 'G:\\Code\\UE\\EternalRebirth\\SourceArt\\Meshes\\SM_Arena_-1_2.fbx'
export finished in 0.0322 sec.
EXPORTED SM_Arena_-1_2 12 1
Warning: No mesh data to join

FBX export starting... 'G:\\Code\\UE\\EternalRebirth\\SourceArt\\Meshes\\SM_Arena_-1_4.fbx'
export finished in 0.0080 sec.
EXPORTED SM_Arena_-1_4 54 1

FBX export starting... 'G:\\Code\\UE\\EternalRebirth\\SourceArt\\Meshes\\SM_Arena_2_4.fbx'
export finished in 0.0234 sec.
EXPORTED SM_Arena_2_4 10539 10

FBX export starting... 'G:\\Code\\UE\\EternalRebirth\\SourceArt\\Meshes\\SM_Arena_4_4.fbx'
export finished in 0.0095 sec.
EXPORTED SM_Arena_4_4 2887 4

FBX export starting... 'G:\\Code\\UE\\EternalRebirth\\SourceArt\\Meshes\\SM_Arena_4_2.fbx'
export finished in 0.0198 sec.
EXPORTED SM_Arena_4_2 7977 8

FBX export starting... 'G:\\Code\\UE\\EternalRebirth\\SourceArt\\Meshes\\SM_Arena_2_3.fbx'
export finished in 0.0714 sec.
EXPORTED SM_Arena_2_3 40798 20

FBX export starting... 'G:\\Code\\UE\\EternalRebirth\\SourceArt\\Meshes\\SM_Arena_1_3.fbx'
export finished in 0.0496 sec.
EXPORTED SM_Arena_1_3 30485 16

FBX export starting... 'G:\\Code\\UE\\EternalRebirth\\SourceArt\\Meshes\\SM_Arena_2_2.fbx'
export finished in 0.0527 sec.
EXPORTED SM_Arena_2_2 29203 14

FBX export starting... 'G:\\Code\\UE\\EternalRebirth\\SourceArt\\Meshes\\SM_Arena_3_2.fbx'
export finished in 0.0703 sec.
EXPORTED SM_Arena_3_2 42806 17

FBX export starting... 'G:\\Code\\UE\\EternalRebirth\\SourceArt\\Meshes\\SM_Arena_3_1.fbx'
export finished in 0.0486 sec.
EXPORTED SM_Arena_3_1 25544 20

FBX export starting... 'G:\\Code\\UE\\EternalRebirth\\SourceArt\\Meshes\\SM_Arena_3_3.fbx'
export finished in 0.0200 sec.
EXPORTED SM_Arena_3_3 7008 13

FBX export starting... 'G:\\Code\\UE\\EternalRebirth\\SourceArt\\Meshes\\SM_Arena_3_4.fbx'
export finished in 0.0200 sec.
EXPORTED SM_Arena_3_4 7868 5

FBX export starting... 'G:\\Code\\UE\\EternalRebirth\\SourceArt\\Meshes\\SM_Arena_4_3.fbx'
export finished in 0.0135 sec.
EXPORTED SM_Arena_4_3 4243 5

FBX export starting... 'G:\\Code\\UE\\EternalRebirth\\SourceArt\\Meshes\\SM_Arena_1_4.fbx'
export finished in 0.0163 sec.
EXPORTED SM_Arena_1_4 8257 6

FBX export starting... 'G:\\Code\\UE\\EternalRebirth\\SourceArt\\Meshes\\SM_Arena_4_1.fbx'
export finished in 0.0161 sec.
EXPORTED SM_Arena_4_1 5717 5

FBX export starting... 'G:\\Code\\UE\\EternalRebirth\\SourceArt\\Meshes\\SM_Arena_1_1.fbx'
export finished in 0.0483 sec.
EXPORTED SM_Arena_1_1 22234 21

FBX export starting... 'G:\\Code\\UE\\EternalRebirth\\SourceArt\\Meshes\\SM_Arena_1_2.fbx'
export finished in 0.0679 sec.
EXPORTED SM_Arena_1_2 40219 20

FBX export starting... 'G:\\Code\\UE\\EternalRebirth\\SourceArt\\Meshes\\SM_Arena_2_1.fbx'
export finished in 0.0666 sec.
EXPORTED SM_Arena_2_1 41370 19

FBX export starting... 'G:\\Code\\UE\\EternalRebirth\\SourceArt\\Meshes\\SM_Arena_1_0.fbx'
export finished in 0.0082 sec.
EXPORTED SM_Arena_1_0 157 3

FBX export starting... 'G:\\Code\\UE\\EternalRebirth\\SourceArt\\Meshes\\SM_Arena_0_0.fbx'
export finished in 0.0152 sec.
EXPORTED SM_Arena_0_0 5041 5

FBX export starting... 'G:\\Code\\UE\\EternalRebirth\\SourceArt\\Meshes\\SM_Arena_0_1.fbx'
export finished in 0.0150 sec.
EXPORTED SM_Arena_0_1 4684 5

FBX export starting... 'G:\\Code\\UE\\EternalRebirth\\SourceArt\\Meshes\\SM_Arena_0_3.fbx'
export finished in 0.0329 sec.
EXPORTED SM_Arena_0_3 15155 11

FBX export starting... 'G:\\Code\\UE\\EternalRebirth\\SourceArt\\Meshes\\SM_Arena_2_0.fbx'
export finished in 0.0140 sec.
EXPORTED SM_Arena_2_0 4369 7

FBX export starting... 'G:\\Code\\UE\\EternalRebirth\\SourceArt\\Meshes\\SM_Arena_0_2.fbx'
export finished in 0.0105 sec.
EXPORTED SM_Arena_0_2 3213 7

FBX export starting... 'G:\\Code\\UE\\EternalRebirth\\SourceArt\\Meshes\\SM_Arena_3_0.fbx'
export finished in 0.0220 sec.
EXPORTED SM_Arena_3_0 10102 9

FBX export starting... 'G:\\Code\\UE\\EternalRebirth\\SourceArt\\Meshes\\SM_Arena_4_0.fbx'
export finished in 0.0065 sec.
EXPORTED SM_Arena_4_0 655 2

FBX export starting... 'G:\\Code\\UE\\EternalRebirth\\SourceArt\\Meshes\\SM_Water_3_3.fbx'
export finished in 0.0065 sec.
EXPORTED SM_Water_3_3 149 1
Warning: No mesh data to join

FBX export starting... 'G:\\Code\\UE\\EternalRebirth\\SourceArt\\Meshes\\SM_Water_1_1.fbx'
export finished in 0.0040 sec.
EXPORTED SM_Water_1_1 2 1
Warning: No mesh data to join

FBX export starting... 'G:\\Code\\UE\\EternalRebirth\\SourceArt\\Meshes\\SM_Water_1_2.fbx'
export finished in 0.0065 sec.
EXPORTED SM_Water_1_2 204 1
Warning: No mesh data to join

FBX export starting... 'G:\\Code\\UE\\EternalRebirth\\SourceArt\\Meshes\\SM_Water_2_1.fbx'
export finished in 0.0055 sec.
EXPORTED SM_Water_2_1 251 1
Info: Saved "Arena_Reconstructed.blend"
DONE 324 models 371203 triangles 0 missing [[-14090.483616224537, -8103.922377596882, -4556.6112262768], [12827.795823409906, 14207.915424386192, 1986.1208052161146]]
Blender 4.3.1 (hash 33d812126174 built 2024-12-10 10:08:19)

Blender quit
