CONVERT 50 581
CONVERT 100 581
CONVERT 150 581
CONVERT 200 581
CONVERT 250 581
CONVERT 300 581
CONVERT 450 581
CONVERT 500 581
Warning: No mesh data to join

FBX export starting... 'G:\\Code\\UE\\EternalRebirth\\SourceArt\\Meshes\\SM_Arena_-1_2.fbx'
export finished in 0.0050 sec.
EXPORTED SM_Arena_-1_2 12 1
Warning: No mesh data to join

FBX export starting... 'G:\\Code\\UE\\EternalRebirth\\SourceArt\\Meshes\\SM_Arena_-1_4.fbx'
export finished in 0.0050 sec.
EXPORTED SM_Arena_-1_4 54 1

FBX export starting... 'G:\\Code\\UE\\EternalRebirth\\SourceArt\\Meshes\\SM_Arena_2_4.fbx'
export finished in 0.0181 sec.
EXPORTED SM_Arena_2_4 10539 10

FBX export starting... 'G:\\Code\\UE\\EternalRebirth\\SourceArt\\Meshes\\SM_Arena_4_4.fbx'
export finished in 0.0076 sec.
EXPORTED SM_Arena_4_4 2887 4

FBX export starting... 'G:\\Code\\UE\\EternalRebirth\\SourceArt\\Meshes\\SM_Arena_4_2.fbx'
export finished in 0.0155 sec.
EXPORTED SM_Arena_4_2 7977 8

FBX export starting... 'G:\\Code\\UE\\EternalRebirth\\SourceArt\\Meshes\\SM_Arena_2_3.fbx'
export finished in 0.0510 sec.
EXPORTED SM_Arena_2_3 40836 21

FBX export starting... 'G:\\Code\\UE\\EternalRebirth\\SourceArt\\Meshes\\SM_Arena_1_3.fbx'
export finished in 0.0356 sec.
EXPORTED SM_Arena_1_3 30625 17

FBX export starting... 'G:\\Code\\UE\\EternalRebirth\\SourceArt\\Meshes\\SM_Arena_2_2.fbx'
export finished in 0.0371 sec.
EXPORTED SM_Arena_2_2 29401 15

FBX export starting... 'G:\\Code\\UE\\EternalRebirth\\SourceArt\\Meshes\\SM_Arena_3_2.fbx'
export finished in 0.0515 sec.
EXPORTED SM_Arena_3_2 42851 18

FBX export starting... 'G:\\Code\\UE\\EternalRebirth\\SourceArt\\Meshes\\SM_Arena_3_1.fbx'
export finished in 0.0331 sec.
EXPORTED SM_Arena_3_1 25717 21

FBX export starting... 'G:\\Code\\UE\\EternalRebirth\\SourceArt\\Meshes\\SM_Arena_3_3.fbx'
export finished in 0.0120 sec.
EXPORTED SM_Arena_3_3 7349 14

FBX export starting... 'G:\\Code\\UE\\EternalRebirth\\SourceArt\\Meshes\\SM_Arena_3_4.fbx'
export finished in 0.0130 sec.
EXPORTED SM_Arena_3_4 7868 5

FBX export starting... 'G:\\Code\\UE\\EternalRebirth\\SourceArt\\Meshes\\SM_Arena_4_3.fbx'
export finished in 0.0090 sec.
EXPORTED SM_Arena_4_3 4243 5

FBX export starting... 'G:\\Code\\UE\\EternalRebirth\\SourceArt\\Meshes\\SM_Arena_1_4.fbx'
export finished in 0.0120 sec.
EXPORTED SM_Arena_1_4 8257 6

FBX export starting... 'G:\\Code\\UE\\EternalRebirth\\SourceArt\\Meshes\\SM_Arena_4_1.fbx'
export finished in 0.0110 sec.
EXPORTED SM_Arena_4_1 5717 5

FBX export starting... 'G:\\Code\\UE\\EternalRebirth\\SourceArt\\Meshes\\SM_Arena_1_1.fbx'
export finished in 0.0310 sec.
EXPORTED SM_Arena_1_1 22309 22

FBX export starting... 'G:\\Code\\UE\\EternalRebirth\\SourceArt\\Meshes\\SM_Arena_1_2.fbx'
export finished in 0.0495 sec.
EXPORTED SM_Arena_1_2 40287 21

FBX export starting... 'G:\\Code\\UE\\EternalRebirth\\SourceArt\\Meshes\\SM_Arena_2_1.fbx'
export finished in 0.0536 sec.
EXPORTED SM_Arena_2_1 41420 20

FBX export starting... 'G:\\Code\\UE\\EternalRebirth\\SourceArt\\Meshes\\SM_Arena_1_0.fbx'
export finished in 0.0060 sec.
EXPORTED SM_Arena_1_0 189 4

FBX export starting... 'G:\\Code\\UE\\EternalRebirth\\SourceArt\\Meshes\\SM_Arena_0_0.fbx'
export finished in 0.0080 sec.
EXPORTED SM_Arena_0_0 5151 6

FBX export starting... 'G:\\Code\\UE\\EternalRebirth\\SourceArt\\Meshes\\SM_Arena_0_1.fbx'
export finished in 0.0090 sec.
EXPORTED SM_Arena_0_1 4711 6

FBX export starting... 'G:\\Code\\UE\\EternalRebirth\\SourceArt\\Meshes\\SM_Arena_0_3.fbx'
export finished in 0.0190 sec.
EXPORTED SM_Arena_0_3 15165 12

FBX export starting... 'G:\\Code\\UE\\EternalRebirth\\SourceArt\\Meshes\\SM_Arena_2_0.fbx'
export finished in 0.0090 sec.
EXPORTED SM_Arena_2_0 4380 8

FBX export starting... 'G:\\Code\\UE\\EternalRebirth\\SourceArt\\Meshes\\SM_Arena_0_2.fbx'
export finished in 0.0080 sec.
EXPORTED SM_Arena_0_2 3217 8

FBX export starting... 'G:\\Code\\UE\\EternalRebirth\\SourceArt\\Meshes\\SM_Arena_3_0.fbx'
export finished in 0.0141 sec.
EXPORTED SM_Arena_3_0 10108 10

FBX export starting... 'G:\\Code\\UE\\EternalRebirth\\SourceArt\\Meshes\\SM_Arena_4_0.fbx'
export finished in 0.0050 sec.
EXPORTED SM_Arena_4_0 655 2

FBX export starting... 'G:\\Code\\UE\\EternalRebirth\\SourceArt\\Meshes\\SM_Water_3_3.fbx'
export finished in 0.0030 sec.
EXPORTED SM_Water_3_3 149 1
Warning: No mesh data to join

FBX export starting... 'G:\\Code\\UE\\EternalRebirth\\SourceArt\\Meshes\\SM_Water_1_1.fbx'
export finished in 0.0030 sec.
EXPORTED SM_Water_1_1 2 1
Warning: No mesh data to join

FBX export starting... 'G:\\Code\\UE\\EternalRebirth\\SourceArt\\Meshes\\SM_Water_1_2.fbx'
export finished in 0.0040 sec.
EXPORTED SM_Water_1_2 204 1
Warning: No mesh data to join

FBX export starting... 'G:\\Code\\UE\\EternalRebirth\\SourceArt\\Meshes\\SM_Water_2_1.fbx'
export finished in 0.0030 sec.
EXPORTED SM_Water_2_1 251 1
Info: Saved "Arena_Reconstructed.blend"
DONE 388 models 372531 triangles 0 missing [[-14090.483616224537, -8103.922377596882, -4556.6112262768], [12827.795823409906, 14207.915424386192, 1986.1208052161146]]
Blender 4.3.1 (hash 33d812126174 built 2024-12-10 10:08:19)

Blender quit
