
FBX export starting... 'G:\\Code\\UE\\EternalRebirth\\SourceArt\\Effects\\H100\\Meshes\\SM_tx_100_s01_3_01.fbx'
export finished in 0.0259 sec.
H100_EFFECT_MESH SM_tx_100_s01_3_01 22

FBX export starting... 'G:\\Code\\UE\\EternalRebirth\\SourceArt\\Effects\\H100\\Meshes\\SM_tx_100_s03_3_01.fbx'
export finished in 0.0039 sec.
H100_EFFECT_MESH SM_tx_100_s03_3_01 22

FBX export starting... 'G:\\Code\\UE\\EternalRebirth\\SourceArt\\Effects\\H100\\Meshes\\SM_tx_100_s04_5_01.fbx'
export finished in 0.0075 sec.
H100_EFFECT_MESH SM_tx_100_s04_5_01 126

FBX export starting... 'G:\\Code\\UE\\EternalRebirth\\SourceArt\\Effects\\H100\\Meshes\\SM_tx_100_s04_5_02.fbx'
export finished in 0.0057 sec.
H100_EFFECT_MESH SM_tx_100_s04_5_02 230
Warning: No mesh data to join

FBX export starting... 'G:\\Code\\UE\\EternalRebirth\\SourceArt\\Effects\\H100\\Meshes\\SM_tx_100_s05_5_01.fbx'
export finished in 0.0030 sec.
H100_EFFECT_MESH SM_tx_100_s05_5_01 2

FBX export starting... 'G:\\Code\\UE\\EternalRebirth\\SourceArt\\Effects\\H100\\Meshes\\SM_tx_100_s05_3_01.fbx'
export finished in 0.0042 sec.
H100_EFFECT_MESH SM_tx_100_s05_3_01 226

FBX export starting... 'G:\\Code\\UE\\EternalRebirth\\SourceArt\\Effects\\H100\\Meshes\\SM_tx_100_s06_1_01.fbx'
export finished in 0.0065 sec.
H100_EFFECT_MESH SM_tx_100_s06_1_01 1358

FBX export starting... 'G:\\Code\\UE\\EternalRebirth\\SourceArt\\Effects\\H100\\Meshes\\SM_tx_100_s06_3_01.fbx'
export finished in 0.0051 sec.
H100_EFFECT_MESH SM_tx_100_s06_3_01 226

FBX export starting... 'G:\\Code\\UE\\EternalRebirth\\SourceArt\\Effects\\H100\\Meshes\\SM_tx_100_s06_3_02.fbx'
export finished in 0.0045 sec.
H100_EFFECT_MESH SM_tx_100_s06_3_02 226

FBX export starting... 'G:\\Code\\UE\\EternalRebirth\\SourceArt\\Effects\\H100\\Meshes\\SM_tx_100_s06_3_03.fbx'
export finished in 0.0061 sec.
H100_EFFECT_MESH SM_tx_100_s06_3_03 226

FBX export starting... 'G:\\Code\\UE\\EternalRebirth\\SourceArt\\Effects\\H100\\Meshes\\SM_tx_100_s06_3_04.fbx'
export finished in 0.0040 sec.
H100_EFFECT_MESH SM_tx_100_s06_3_04 226

FBX export starting... 'G:\\Code\\UE\\EternalRebirth\\SourceArt\\Effects\\H100\\Meshes\\SM_tx_100_s06_3_05.fbx'
export finished in 0.0040 sec.
H100_EFFECT_MESH SM_tx_100_s06_3_05 226

FBX export starting... 'G:\\Code\\UE\\EternalRebirth\\SourceArt\\Effects\\H100\\Meshes\\SM_tx_100_s06_3_06.fbx'
export finished in 0.0060 sec.
H100_EFFECT_MESH SM_tx_100_s06_3_06 226
REBIRTH_H100_EFFECT_MESHES_COMPLETE 13
Blender 4.3.1 (hash 33d812126174 built 2024-12-10 10:08:19)

Blender quit
