HERO_ANIM_BOUNDS 013 POSE [-38.5926513671875, -51.25849914550781, -0.16991321742534637] [21.728008270263672, 13.393950462341309, 105.12374114990234] root [-4.547473237814098e-13, 7.6216376959648e-14, 53.4530029296875]
HERO_BONE_DELTA 013 0 Bip001 rest [1.1987820938567103e-28, 0.0, 53.452999114990234] pose [-4.547473237814098e-13, 7.6216376959648e-14, 53.4530029296875] dot 0.9999999403953552
HERO_ROT 013 rest [0.7071067690849304, 0.7071067690849304, 1.1222075713135382e-08, 1.1222075713135382e-08] pose [0.7071067690849304, 0.7071067690849304, -3.628094802365922e-08, -3.628094802365922e-08] source [[2.6199693081707665e-08, -1.1222073936778543e-08, 0.7071067690849304, 0.7071067690849304]]
HERO_BONE_DELTA 013 1 Bip001_Head rest [1.7829897842602804e-06, 0.4090005159378052, 88.9416732788086] pose [1.7146870732176467e-06, 0.40900009870529175, 88.94171905517578] dot 1.0
HERO_BONE_DELTA 013 2 Bip001_L_Calf rest [7.416396141052246, -2.541633129119873, 33.29062271118164] pose [7.4163970947265625, -2.5416336059570312, 33.29063415527344] dot 1.0000001192092896
HERO_BONE_DELTA 013 10 Bip001_L_Finger2 rest [17.890380859375, 4.297896862030029, 49.790382385253906] pose [17.8903751373291, 4.297896385192871, 49.79039764404297] dot 1.0
HERO_ANIM_BOUNDS 013 REST [-38.59264373779297, -40.38752746582031, -0.16993243992328644] [21.728012084960938, 13.393951416015625, 105.12369537353516] root [1.1987820938567103e-28, 0.0, 53.452999114990234]
HERO_ANIM_BOUNDS 100 POSE [-23.755714416503906, -27.02619743347168, -0.045313239097595215] [29.951705932617188, 22.529197692871094, 97.66974639892578] root [-5.4816389083862305, -4.396817684173584, 50.067848205566406]
HERO_BONE_DELTA 100 0 Bip001 rest [-1.4210858103333793e-14, 2.8421716206667585e-14, 51.03450393676758] pose [-5.4816389083862305, -4.396817684173584, 50.067848205566406] dot 0.9905560612678528
HERO_ROT 100 rest [0.7071067690849304, 0.7071067690849304, 3.4941805004962134e-09, 3.4941805004962134e-09] pose [0.6718186736106873, 0.7290391325950623, 0.12885738909244537, 0.023609580472111702] source [[0.024013597518205643, -0.0812341496348381, 0.6241948008537292, 0.7766629457473755]]
HERO_BONE_DELTA 100 1 Bip001_Head rest [-2.8435529202397447e-06, -0.6192549467086792, 79.5419921875] pose [-4.5342535972595215, -0.8945217132568359, 77.65835571289062] dot 0.9962838888168335
HERO_BONE_DELTA 100 2 Bip001_L_Calf rest [5.265669345855713, 0.11630353331565857, 30.170942306518555] pose [2.848567008972168, -3.649667978286743, 29.135005950927734] dot 0.9834631681442261
HERO_BONE_DELTA 100 10 Bip001_L_Finger2 rest [20.869890213012695, -3.280579090118408, 51.68515396118164] pose [12.355569839477539, 3.7719521522521973, 48.2900390625] dot 0.6113638281822205
HERO_ANIM_BOUNDS 100 REST [-27.966693878173828, -25.466060638427734, 0.15543948113918304] [33.996116638183594, 20.904125213623047, 99.61521911621094] root [-1.4210858103333793e-14, 2.8421716206667585e-14, 51.03450393676758]
HERO_ANIM_BOUNDS 101 POSE [-33.99299621582031, -66.43518829345703, -0.3729698657989502] [32.08416748046875, 36.0404167175293, 85.73612976074219] root [0.0, 0.0, 39.76246643066406]
HERO_BONE_DELTA 101 0 Bip01 rest [-0.0, 0.0, 48.93000030517578] pose [0.0, 0.0, 39.76246643066406] dot 0.8365156650543213
HERO_ROT 101 rest [0.7071067690849304, 0.7071067690849304, 0.0, 0.0] pose [0.7499997615814209, 0.43301209807395935, -0.25000086426734924, -0.43301326036453247] source [[0.2500000298023224, 0.06698732823133469, 0.9330126643180847, 0.25000008940696716]]
HERO_BONE_DELTA 101 1 Bip01_Head rest [-1.0204018963122508e-06, -0.10073843598365784, 72.34921264648438] pose [2.3557052612304688, 1.360067367553711, 62.9961051940918] dot 0.9995359778404236
HERO_BONE_DELTA 101 2 Bip01_L_Calf rest [4.903981685638428, 0.4385074973106384, 28.85047721862793] pose [-1.502573847770691, -10.070557594299316, 21.134586334228516] dot -0.8282133340835571
HERO_BONE_DELTA 101 10 Bip01_L_ForeTwist rest [12.292627334594727, -0.46342945098876953, 58.163368225097656] pose [4.359523773193359, -15.322897911071777, 58.73888397216797] dot 0.7742602229118347
HERO_ANIM_BOUNDS 101 REST [-21.566112518310547, -46.37538146972656, 0.0016845075879245996] [43.28741455078125, 34.05568313598633, 94.66384887695312] root [-0.0, 0.0, 48.93000030517578]
Blender 4.3.1 (hash 33d812126174 built 2024-12-10 10:08:19)
Read blend: "G:\Code\UE\EternalRebirth\SourceArt\Heroes\013\H013_Animated.blend"
Read blend: "G:\Code\UE\EternalRebirth\SourceArt\Heroes\100\H100_Animated.blend"
Read blend: "G:\Code\UE\EternalRebirth\SourceArt\Heroes\101\H101_Animated.blend"

Blender quit
