HERO_ANIM_BOUNDS 013 POSE [-38.59265899658203, -40.404747009277344, -0.17000344395637512] [21.728185653686523, 13.39394760131836, 105.12368774414062] root [1.1987820938567103e-28, 0.0, 53.452999114990234]
HERO_BONE_DELTA 013 0 Bip001 rest [1.1987820938567103e-28, 0.0, 53.452999114990234] pose [1.1987820938567103e-28, 0.0, 53.452999114990234] dot 0.9999999403953552
HERO_ROT 013 rest [0.7071067690849304, 1.1222075713135382e-08, 1.1222075713135382e-08, -0.7071067690849304] pose [0.7071067094802856, -2.6199694858064504e-08, 1.1222073048600123e-08, -0.7071068286895752] source [[2.6199693081707665e-08, -1.1222073936778543e-08, 0.7071067690849304, 0.7071067690849304]]
HERO_BONE_DELTA 013 1 Bip001_Pelvis rest [4.14444830701308e-21, 0.0, 53.4530029296875] pose [-1.4099059376590506e-12, -1.5158475874261362e-13, 53.452999114990234] dot 1.0
HERO_BONE_DELTA 013 2 Bip001_Spine rest [-9.372911335958634e-07, -0.7799241542816162, 59.094078063964844] pose [4.454611257642682e-07, -0.779923677444458, 59.09406661987305] dot 1.0
HERO_BONE_DELTA 013 10 Bip001_R_Toe0 rest [-10.507240295410156, -2.617626190185547, 0.19747352600097656] pose [-10.506908416748047, -2.617644786834717, 0.19743146002292633] dot 1.0
HERO_ANIM_BOUNDS 013 REST [-38.59264373779297, -40.38752746582031, -0.16993242502212524] [21.72801399230957, 13.393952369689941, 105.12368774414062] root [1.1987820938567103e-28, 0.0, 53.452999114990234]
HERO_ANIM_BOUNDS 100 POSE [-56.318992614746094, -67.57044219970703, 1.1280136108398438] [45.8946418762207, 3.8361282348632812, 96.136962890625] root [-5.481639862060547, -4.3968186378479, 50.067848205566406]
HERO_BONE_DELTA 100 0 Bip001 rest [-1.4210858103333793e-14, 2.8421716206667585e-14, 51.03450393676758] pose [-5.481639862060547, -4.3968186378479, 50.067848205566406] dot 0.9905561208724976
HERO_ROT 100 rest [0.7071074843406677, 3.4941769477825346e-09, 3.4941833870760775e-09, -0.7071060538291931] pose [0.7766629457473755, -0.024013597518205643, 0.0812341496348381, -0.6241947412490845] source [[0.024013597518205643, -0.0812341496348381, 0.6241948008537292, 0.7766629457473755]]
HERO_BONE_DELTA 100 1 Bip001_Pelvis rest [-1.421172546507178e-14, 4.831690603168681e-13, 51.03450393676758] pose [-10.013472557067871, -9.818862915039062, 49.45244598388672] dot 0.9624026417732239
HERO_BONE_DELTA 100 2 Bip001_Spine rest [-1.0798503353726119e-06, -1.1190073490142822, 56.462181091308594] pose [-10.202156066894531, -17.349796295166016, 53.31775665283203] dot -0.9123435020446777
HERO_BONE_DELTA 100 10 Bip001_R_Toe0 rest [-7.69566011428833, -3.4820852279663086, 0.5735616683959961] pose [-32.09418869018555, -17.034074783325195, 2.63944673538208] dot 0.5691735148429871
HERO_ANIM_BOUNDS 100 REST [-27.966690063476562, -25.4660587310791, 0.15543948113918304] [33.996116638183594, 20.904117584228516, 99.61522674560547] root [-1.4210858103333793e-14, 2.8421716206667585e-14, 51.03450393676758]
HERO_ANIM_BOUNDS 101 POSE [-81.95093536376953, -60.175960540771484, -45.821495056152344] [0.6080160140991211, 75.04943084716797, 44.34242630004883] root [0.0, 1.3993822278735024e-07, 39.76246643066406]
HERO_BONE_DELTA 101 0 Bip01 rest [-0.0, 0.0, 48.93000030517578] pose [0.0, 1.3993822278735024e-07, 39.76246643066406] dot 0.8365156650543213
HERO_ROT 101 rest [0.7071077227592468, 0.0, 0.0, -0.707105815410614] pose [0.2499999701976776, -0.2500000596046448, -0.06698733568191528, -0.9330127239227295] source [[0.2500000298023224, 0.06698732823133469, 0.9330126643180847, 0.25000008940696716]]
HERO_BONE_DELTA 101 1 Bip01_Pelvis rest [0.0, 0.0, 48.93000411987305] pose [-3.9696598052978516, -2.291884660720825, 31.823150634765625] dot -0.3995169997215271
HERO_BONE_DELTA 101 2 Bip01_Spine rest [1.3448066056298558e-06, -1.0587317943572998, 53.402366638183594] pose [-7.818707466125488, -3.3632516860961914, 28.911846160888672] dot 0.12504009902477264
HERO_BONE_DELTA 101 10 Bip01_R_Toe0 rest [-6.963485240936279, -3.293735980987549, 0.2553129196166992] pose [-48.6588249206543, -58.039451599121094, 1.1152381896972656] dot 0.791935920715332
HERO_ANIM_BOUNDS 101 REST [-21.566116333007812, -46.37538146972656, 0.0016835539136081934] [43.28741455078125, 34.055694580078125, 94.66384887695312] root [-0.0, 0.0, 48.93000030517578]
Blender 4.3.1 (hash 33d812126174 built 2024-12-10 10:08:19)
Read blend: "G:\Code\UE\EternalRebirth\SourceArt\Heroes\013\H013_Animated.blend"
Read blend: "G:\Code\UE\EternalRebirth\SourceArt\Heroes\100\H100_Animated.blend"
Read blend: "G:\Code\UE\EternalRebirth\SourceArt\Heroes\101\H101_Animated.blend"

Blender quit
