HERO_ANIM_BOUNDS 013 POSE [-106.20391082763672, -97.45085144042969, -89.46098327636719] [84.73418426513672, 69.68948364257812, 92.68133544921875] root [0.0, 0.0, 53.452999114990234]
HERO_ANIM_BOUNDS 013 REST [-38.59264373779297, -40.38752746582031, -0.16993243992328644] [21.728012084960938, 13.393951416015625, 105.12369537353516] root [1.1987820938567103e-28, 0.0, 53.452999114990234]
HERO_BONE_DELTA 013 0 Bip001 rest [1.1987820938567103e-28, 0.0, 53.452999114990234] pose [1.1987820938567103e-28, 0.0, 53.452999114990234] dot 0.9999999403953552
HERO_BONE_DELTA 013 1 Bip001_Pelvis rest [-7.275957614183426e-12, 0.0, 53.4530029296875] pose [-7.275957614183426e-12, 0.0, 53.4530029296875] dot 1.0
HERO_BONE_DELTA 013 2 Bip001_Spine rest [-8.188393394448212e-07, -0.7799240946769714, 59.094078063964844] pose [-8.188393394448212e-07, -0.7799240946769714, 59.094078063964844] dot 1.0
HERO_BONE_DELTA 013 10 Bip001_R_Toe0 rest [-10.507241249084473, -2.6176249980926514, 0.1974773406982422] pose [-10.507241249084473, -2.6176249980926514, 0.1974773406982422] dot 0.9999999403953552
HERO_ANIM_BOUNDS 100 POSE [-39.088993072509766, -91.3285903930664, -48.885658264160156] [246.16238403320312, 95.40048217773438, 67.91027069091797] root [-5.481639862060547, -4.3968186378479, 50.067848205566406]
HERO_ANIM_BOUNDS 100 REST [-27.966693878173828, -25.466060638427734, 0.15543948113918304] [33.996116638183594, 20.904125213623047, 99.61521911621094] root [-1.4210858103333793e-14, 2.8421716206667585e-14, 51.03450393676758]
HERO_BONE_DELTA 100 0 Bip001 rest [-1.4210858103333793e-14, 2.8421716206667585e-14, 51.03450393676758] pose [-1.4210858103333793e-14, 2.8421716206667585e-14, 51.03450393676758] dot 0.9999999403953552
HERO_BONE_DELTA 100 1 Bip001_Pelvis rest [-7.275959348906902e-12, -2.8421716206667585e-14, 51.03450393676758] pose [-7.275959348906902e-12, -2.8421716206667585e-14, 51.03450393676758] dot 1.0
HERO_BONE_DELTA 100 2 Bip001_Spine rest [-1.0917830195467104e-06, -1.1190073490142822, 56.462181091308594] pose [-1.0917830195467104e-06, -1.1190073490142822, 56.462181091308594] dot 1.0
HERO_BONE_DELTA 100 10 Bip001_R_Toe0 rest [-7.695659160614014, -3.482085943222046, 0.5735650062561035] pose [-7.695659160614014, -3.482085943222046, 0.5735650062561035] dot 0.9999998807907104
HERO_ANIM_BOUNDS 101 POSE [-105.92591857910156, -135.33154296875, -71.294189453125] [60.34980773925781, 62.42338943481445, 87.1584243774414] root [0.0, 1.3993822278735024e-07, 39.76246643066406]
HERO_ANIM_BOUNDS 101 REST [-21.566112518310547, -46.37538146972656, 0.0016845075879245996] [43.28741455078125, 34.05568313598633, 94.66384887695312] root [-0.0, 0.0, 48.93000030517578]
HERO_BONE_DELTA 101 0 Bip01 rest [-0.0, 0.0, 48.93000030517578] pose [-0.0, 0.0, 48.93000030517578] dot 0.9999999403953552
HERO_BONE_DELTA 101 1 Bip01_Pelvis rest [-1.4551913493643376e-11, -5.5511144613812927e-17, 48.93000411987305] pose [-1.4551913493643376e-11, -5.5511144613812927e-17, 48.93000411987305] dot 1.0
HERO_BONE_DELTA 101 2 Bip01_Spine rest [1.273263819712156e-06, -1.0587317943572998, 53.402366638183594] pose [1.273263819712156e-06, -1.0587317943572998, 53.402366638183594] dot 1.0
HERO_BONE_DELTA 101 10 Bip01_R_Toe0 rest [-6.963485240936279, -3.293735980987549, 0.2553119659423828] pose [-6.963485240936279, -3.293735980987549, 0.2553119659423828] dot 1.0
Blender 4.3.1 (hash 33d812126174 built 2024-12-10 10:08:19)
Read blend: "G:\Code\UE\EternalRebirth\SourceArt\Heroes\013\H013_Animated.blend"
Read blend: "G:\Code\UE\EternalRebirth\SourceArt\Heroes\100\H100_Animated.blend"
Read blend: "G:\Code\UE\EternalRebirth\SourceArt\Heroes\101\H101_Animated.blend"

Blender quit
