
FBX export starting... 'G:\\Code\\UE\\EternalRebirth\\SourceArt\\Heroes\\013\\AN_H013_Idle.fbx'
export finished in 0.1475 sec.
HERO_ANIMATION 013 Idle bat_idle 51 868668

FBX export starting... 'G:\\Code\\UE\\EternalRebirth\\SourceArt\\Heroes\\013\\AN_H013_Run.fbx'
export finished in 0.1092 sec.
HERO_ANIMATION 013 Run bat_run 25 699356

FBX export starting... 'G:\\Code\\UE\\EternalRebirth\\SourceArt\\Heroes\\013\\AN_H013_Attack.fbx'
export finished in 0.1450 sec.
HERO_ANIMATION 013 Attack single_attack_attcom_a 46 847772
Info: Saved "H013_Animated.blend"

FBX export starting... 'G:\\Code\\UE\\EternalRebirth\\SourceArt\\Heroes\\100\\AN_H100_Idle.fbx'
export finished in 0.2523 sec.
HERO_ANIMATION 100 Idle bat_idle 31 1669932

FBX export starting... 'G:\\Code\\UE\\EternalRebirth\\SourceArt\\Heroes\\100\\AN_H100_Run.fbx'
export finished in 0.2456 sec.
HERO_ANIMATION 100 Run bat_run 25 1560556

FBX export starting... 'G:\\Code\\UE\\EternalRebirth\\SourceArt\\Heroes\\100\\AN_H100_Attack.fbx'
export finished in 0.2887 sec.
HERO_ANIMATION 100 Attack single_attack_attcom_1 46 1906764
Info: Saved "H100_Animated.blend"

FBX export starting... 'G:\\Code\\UE\\EternalRebirth\\SourceArt\\Heroes\\101\\AN_H101_Idle.fbx'
export finished in 0.1579 sec.
HERO_ANIMATION 101 Idle bat_idle 61 912748

FBX export starting... 'G:\\Code\\UE\\EternalRebirth\\SourceArt\\Heroes\\101\\AN_H101_Run.fbx'
export finished in 0.0945 sec.
HERO_ANIMATION 101 Run bat_run 17 614252

FBX export starting... 'G:\\Code\\UE\\EternalRebirth\\SourceArt\\Heroes\\101\\AN_H101_Attack.fbx'
export finished in 0.1199 sec.
HERO_ANIMATION 101 Attack single_attack_attcom_1 31 722364
Info: Saved "H101_Animated.blend"
Blender 4.3.1 (hash 33d812126174 built 2024-12-10 10:08:19)
Read blend: "G:\Code\UE\EternalRebirth\SourceArt\Heroes\013\H013.blend"
Read blend: "G:\Code\UE\EternalRebirth\SourceArt\Heroes\100\H100.blend"
Read blend: "G:\Code\UE\EternalRebirth\SourceArt\Heroes\101\H101.blend"

Blender quit
