HERO_ANIM_BOUNDS 013 POSE [-38.592655181884766, -40.404754638671875, -0.16994380950927734] [21.7280330657959, 13.39395523071289, 105.12369537353516] root [1.1987820938567103e-28, 0.0, 53.452999114990234]
HERO_BONE_DELTA 013 0 Bip001 rest [1.1987820938567103e-28, 0.0, 53.452999114990234] pose [1.1987820938567103e-28, 0.0, 53.452999114990234] dot 0.9999999403953552
HERO_ROT 013 rest [0.7071067690849304, 1.1222075713135382e-08, 1.1222075713135382e-08, -0.7071067690849304] pose [0.7071067094802856, -2.6199694858064504e-08, 1.1222073936778543e-08, -0.7071068286895752] source [[2.6199693081707665e-08, -1.1222073936778543e-08, 0.7071067690849304, 0.7071067690849304]]
HERO_BONE_DELTA 013 1 Bip001_Head rest [1.6645145706206677e-06, 0.4090006947517395, 88.9416732788086] pose [1.8609061953611672e-06, 0.40900519490242004, 88.94166564941406] dot 0.9999999403953552
HERO_BONE_DELTA 013 2 Bip001_L_Calf rest [7.416396141052246, -2.5416321754455566, 33.290618896484375] pose [7.416395664215088, -2.541633367538452, 33.29060745239258] dot 1.0
HERO_BONE_DELTA 013 10 Bip001_L_Finger2 rest [17.890380859375, 4.297895431518555, 49.790382385253906] pose [17.89040756225586, 4.297908306121826, 49.79033279418945] dot 1.0000014305114746
HERO_ANIM_BOUNDS 013 REST [-38.59264373779297, -40.38752746582031, -0.16993242502212524] [21.72801399230957, 13.393952369689941, 105.12368774414062] root [1.1987820938567103e-28, 0.0, 53.452999114990234]
HERO_ANIM_BOUNDS 100 POSE [-23.755733489990234, -27.026187896728516, -0.045298218727111816] [29.951738357543945, 22.52919578552246, 97.66970825195312] root [-5.481639862060547, -4.3968186378479, 50.067848205566406]
HERO_BONE_DELTA 100 0 Bip001 rest [-1.4210858103333793e-14, 2.8421716206667585e-14, 51.03450393676758] pose [-5.481639862060547, -4.3968186378479, 50.067848205566406] dot 0.9905561208724976
HERO_ROT 100 rest [0.7071074843406677, 3.4941769477825346e-09, 3.4941833870760775e-09, -0.7071060538291931] pose [0.7766629457473755, -0.024013599380850792, 0.08123414218425751, -0.6241947412490845] source [[0.024013597518205643, -0.0812341496348381, 0.6241948008537292, 0.7766629457473755]]
HERO_BONE_DELTA 100 1 Bip001_Head rest [-2.8316185307630803e-06, -0.619255542755127, 79.5419921875] pose [-4.5342512130737305, -0.8945250511169434, 77.65834045410156] dot 0.9962838888168335
HERO_BONE_DELTA 100 2 Bip001_L_Calf rest [5.265669345855713, 0.11630275100469589, 30.170942306518555] pose [2.84857177734375, -3.6496660709381104, 29.1350040435791] dot 0.9834631681442261
HERO_BONE_DELTA 100 10 Bip001_L_Finger2 rest [20.869890213012695, -3.28058123588562, 51.68515396118164] pose [12.355557441711426, 3.7719509601593018, 48.2900505065918] dot -0.6113646626472473
HERO_ANIM_BOUNDS 100 REST [-27.966690063476562, -25.4660587310791, 0.15543948113918304] [33.996116638183594, 20.904117584228516, 99.61522674560547] root [-1.4210858103333793e-14, 2.8421716206667585e-14, 51.03450393676758]
HERO_ANIM_BOUNDS 101 POSE [-33.99299621582031, -66.43514251708984, -0.37298154830932617] [32.08417892456055, 36.040401458740234, 85.73609924316406] root [0.0, 1.3993822278735024e-07, 39.76246643066406]
HERO_BONE_DELTA 101 0 Bip01 rest [-0.0, 0.0, 48.93000030517578] pose [0.0, 1.3993822278735024e-07, 39.76246643066406] dot 0.8365156650543213
HERO_ROT 101 rest [0.7071077227592468, 0.0, 0.0, -0.707105815410614] pose [0.2499999701976776, -0.2500000596046448, -0.06698733568191528, -0.9330127239227295] source [[0.2500000298023224, 0.06698732823133469, 0.9330126643180847, 0.25000008940696716]]
HERO_BONE_DELTA 101 1 Bip01_Head rest [-9.488583714301058e-07, -0.100738525390625, 72.34921264648438] pose [2.3557097911834717, 1.360069990158081, 62.99607467651367] dot 0.9995359778404236
HERO_BONE_DELTA 101 2 Bip01_L_Calf rest [4.903981685638428, 0.4385058581829071, 28.850479125976562] pose [-1.5025767087936401, -10.070555686950684, 21.134584426879883] dot 0.8282132148742676
HERO_BONE_DELTA 101 10 Bip01_L_ForeTwist rest [12.29262638092041, -0.46342936158180237, 58.163368225097656] pose [4.359525680541992, -15.322897911071777, 58.738861083984375] dot 0.7742605209350586
HERO_ANIM_BOUNDS 101 REST [-21.566116333007812, -46.37538146972656, 0.0016835539136081934] [43.28741455078125, 34.055694580078125, 94.66384887695312] root [-0.0, 0.0, 48.93000030517578]
Blender 4.3.1 (hash 33d812126174 built 2024-12-10 10:08:19)
Read blend: "G:\Code\UE\EternalRebirth\SourceArt\Heroes\013\H013_Animated.blend"
Read blend: "G:\Code\UE\EternalRebirth\SourceArt\Heroes\100\H100_Animated.blend"
Read blend: "G:\Code\UE\EternalRebirth\SourceArt\Heroes\101\H101_Animated.blend"

Blender quit
