HERO_ANIM_BOUNDS 013 POSE [-55.87020492553711, -35.46098327636719, 34.39560317993164] [60.08930969238281, 192.4202423095703, 159.68128967285156] root [1.1987820938567103e-28, 0.0, 53.452999114990234]
HERO_BONE_DELTA 013 0 Bip001 rest [1.1987820938567103e-28, 0.0, 53.452999114990234] pose [1.1987820938567103e-28, 0.0, 53.452999114990234] dot 0.9999999403953552
HERO_ROT 013 rest [0.7071067690849304, 1.1222075713135382e-08, 1.1222075713135382e-08, -0.7071067690849304] pose [0.7071067094802856, -2.6199694858064504e-08, 1.1222073048600123e-08, -0.7071068286895752] source [[2.6199693081707665e-08, -1.1222073936778543e-08, 0.7071067690849304, 0.7071067690849304]]
HERO_BONE_DELTA 013 1 Bip001_Pelvis rest [4.14444830701308e-21, 0.0, 53.4530029296875] pose [3.7230640828056494e-06, 0.40900295972824097, 88.94168090820312] dot 0.9989622831344604
HERO_BONE_DELTA 013 2 Bip001_Spine rest [-9.372911335958634e-07, -0.7799241542816162, 59.094078063964844] pose [7.416354179382324, -0.2874961495399475, 68.63165283203125] dot -0.03878676891326904
HERO_BONE_DELTA 013 10 Bip001_R_Toe0 rest [-10.507240295410156, -2.617626190185547, 0.19747352600097656] pose [47.502464294433594, -11.701387405395508, 35.237186431884766] dot -0.2774023115634918
HERO_ANIM_BOUNDS 013 REST [-38.59264373779297, -40.38752746582031, -0.16993242502212524] [21.72801399230957, 13.393952369689941, 105.12368774414062] root [1.1987820938567103e-28, 0.0, 53.452999114990234]
HERO_ANIM_BOUNDS 100 POSE [-39.088993072509766, -91.3285903930664, -48.885658264160156] [246.16238403320312, 95.40048217773438, 67.91027069091797] root [-5.481639862060547, -4.3968186378479, 50.067848205566406]
HERO_BONE_DELTA 100 0 Bip001 rest [-1.4210858103333793e-14, 2.8421716206667585e-14, 51.03450393676758] pose [-5.481639862060547, -4.3968186378479, 50.067848205566406] dot 0.5322033762931824
HERO_ROT 100 rest [0.7071067690849304, 0.7071067690849304, 3.4941805004962134e-09, 3.4941805004962134e-09] pose [0.7766629457473755, -0.024013645946979523, 0.08123411238193512, -0.6241947412490845] source [[0.024013597518205643, -0.0812341496348381, 0.6241948008537292, 0.7766629457473755]]
HERO_BONE_DELTA 100 1 Bip001_Pelvis rest [-7.275959348906902e-12, -2.8421716206667585e-14, 51.03450393676758] pose [19.426912307739258, 5.806655406951904, 47.69268035888672] dot 0.5747170448303223
HERO_BONE_DELTA 100 2 Bip001_Spine rest [-1.0917830195467104e-06, -1.1190073490142822, 56.462181091308594] pose [18.209867477416992, 12.062296867370605, 26.235536575317383] dot 0.4624212980270386
HERO_BONE_DELTA 100 10 Bip001_R_Toe0 rest [-7.695659160614014, -3.482085943222046, 0.5735650062561035] pose [61.494686126708984, -53.07628631591797, 54.08610153198242] dot -0.19439421594142914
HERO_ANIM_BOUNDS 100 REST [-27.966693878173828, -25.466060638427734, 0.15543948113918304] [33.996116638183594, 20.904125213623047, 99.61521911621094] root [-1.4210858103333793e-14, 2.8421716206667585e-14, 51.03450393676758]
HERO_ANIM_BOUNDS 101 POSE [-105.92591857910156, -135.33154296875, -71.294189453125] [60.34980773925781, 62.42338943481445, 87.1584243774414] root [0.0, 1.3993822278735024e-07, 39.76246643066406]
HERO_BONE_DELTA 101 0 Bip01 rest [-0.0, 0.0, 48.93000030517578] pose [0.0, 1.3993822278735024e-07, 39.76246643066406] dot 5.960464477539063e-08
HERO_ROT 101 rest [0.7071067690849304, 0.7071067690849304, 0.0, 0.0] pose [0.2500000596046448, -0.2499999701976776, -0.0669873058795929, -0.9330127239227295] source [[0.2500000298023224, 0.06698732823133469, 0.9330126643180847, 0.25000008940696716]]
HERO_BONE_DELTA 101 1 Bip01_Pelvis rest [-1.4551913493643376e-11, -5.5511144613812927e-17, 48.93000411987305] pose [4.677346706390381, -13.541667938232422, 39.76246643066406] dot 0.9189967513084412
HERO_BONE_DELTA 101 2 Bip01_Spine rest [1.273263819712156e-06, -1.0587317943572998, 53.402366638183594] pose [-0.3145785331726074, -32.301185607910156, 17.414722442626953] dot 0.09832926094532013
HERO_BONE_DELTA 101 10 Bip01_R_Toe0 rest [-6.963485240936279, -3.293735980987549, 0.2553119659423828] pose [30.749372482299805, -70.78288269042969, -19.606342315673828] dot -0.46416765451431274
HERO_ANIM_BOUNDS 101 REST [-21.566112518310547, -46.37538146972656, 0.0016845075879245996] [43.28741455078125, 34.05568313598633, 94.66384887695312] root [-0.0, 0.0, 48.93000030517578]
Blender 4.3.1 (hash 33d812126174 built 2024-12-10 10:08:19)
Read blend: "G:\Code\UE\EternalRebirth\SourceArt\Heroes\013\H013_Animated.blend"
Read blend: "G:\Code\UE\EternalRebirth\SourceArt\Heroes\100\H100_Animated.blend"
Read blend: "G:\Code\UE\EternalRebirth\SourceArt\Heroes\101\H101_Animated.blend"

Blender quit
