HERO_ANIM_BOUNDS 013 POSE [-38.59265899658203, -40.404747009277344, -0.17000344395637512] [21.728185653686523, 13.39394760131836, 105.12368774414062] root [1.1987820938567103e-28, 0.0, 53.452999114990234]
HERO_BONE_DELTA 013 0 Bip001 rest [1.1987820938567103e-28, 0.0, 53.452999114990234] pose [1.1987820938567103e-28, 0.0, 53.452999114990234] dot 0.9999999403953552
HERO_ROT 013 rest [0.7071067690849304, 1.1222075713135382e-08, 1.1222075713135382e-08, -0.7071067690849304] pose [0.7071067094802856, -2.6199694858064504e-08, 1.1222073048600123e-08, -0.7071068286895752] source [[2.6199693081707665e-08, -1.1222073936778543e-08, 0.7071067690849304, 0.7071067690849304]]
HERO_BONE_DELTA 013 1 Bip001_Head rest [1.6645145706206677e-06, 0.4090006947517395, 88.9416732788086] pose [7.383588581433287e-06, 0.4089915454387665, 88.94165802001953] dot 0.9999999403953552
HERO_BONE_DELTA 013 2 Bip001_L_Calf rest [7.416396141052246, -2.5416321754455566, 33.290618896484375] pose [7.41630744934082, -2.5416393280029297, 33.29059600830078] dot 1.0
HERO_BONE_DELTA 013 10 Bip001_L_Finger2 rest [17.890380859375, 4.297895431518555, 49.790382385253906] pose [17.8905086517334, 4.2979583740234375, 49.790279388427734] dot 1.0000007152557373
HERO_ANIM_BOUNDS 013 REST [-38.59264373779297, -40.38752746582031, -0.16993242502212524] [21.72801399230957, 13.393952369689941, 105.12368774414062] root [1.1987820938567103e-28, 0.0, 53.452999114990234]
HERO_ANIM_BOUNDS 100 POSE [-56.318992614746094, -67.57044219970703, 1.1280136108398438] [45.8946418762207, 3.8361282348632812, 96.136962890625] root [-5.481639862060547, -4.3968186378479, 50.067848205566406]
HERO_BONE_DELTA 100 0 Bip001 rest [-1.4210858103333793e-14, 2.8421716206667585e-14, 51.03450393676758] pose [-5.481639862060547, -4.3968186378479, 50.067848205566406] dot 0.9905561208724976
HERO_ROT 100 rest [0.7071074843406677, 3.4941769477825346e-09, 3.4941833870760775e-09, -0.7071060538291931] pose [0.7766629457473755, -0.024013597518205643, 0.0812341496348381, -0.6241947412490845] source [[0.024013597518205643, -0.0812341496348381, 0.6241948008537292, 0.7766629457473755]]
HERO_BONE_DELTA 100 1 Bip001_Head rest [-2.8316185307630803e-06, -0.619255542755127, 79.5419921875] pose [-2.4754831790924072, -33.557830810546875, 70.75997924804688] dot 0.6169408559799194
HERO_BONE_DELTA 100 2 Bip001_L_Calf rest [5.265669345855713, 0.11630275100469589, 30.170942306518555] pose [-20.1682186126709, -21.973726272583008, 26.052583694458008] dot 0.9344302415847778
HERO_BONE_DELTA 100 10 Bip001_L_Finger2 rest [20.869890213012695, -3.28058123588562, 51.68515396118164] pose [23.379093170166016, -31.963638305664062, 45.435272216796875] dot 0.5713962316513062
HERO_ANIM_BOUNDS 100 REST [-27.966690063476562, -25.4660587310791, 0.15543948113918304] [33.996116638183594, 20.904117584228516, 99.61522674560547] root [-1.4210858103333793e-14, 2.8421716206667585e-14, 51.03450393676758]
HERO_ANIM_BOUNDS 101 POSE [-81.95093536376953, -60.175960540771484, -45.821495056152344] [0.6080160140991211, 75.04943084716797, 44.34242630004883] root [0.0, 1.3993822278735024e-07, 39.76246643066406]
HERO_BONE_DELTA 101 0 Bip01 rest [-0.0, 0.0, 48.93000030517578] pose [0.0, 1.3993822278735024e-07, 39.76246643066406] dot 0.8365156650543213
HERO_ROT 101 rest [0.7071077227592468, 0.0, 0.0, -0.707105815410614] pose [0.2499999701976776, -0.2500000596046448, -0.06698733568191528, -0.9330127239227295] source [[0.2500000298023224, 0.06698732823133469, 0.9330126643180847, 0.25000008940696716]]
HERO_BONE_DELTA 101 1 Bip01_Head rest [-9.488583714301058e-07, -0.100738525390625, 72.34921264648438] pose [-17.966672897338867, 1.6681337356567383, 29.149999618530273] dot 0.8054409027099609
HERO_BONE_DELTA 101 2 Bip01_L_Calf rest [4.903981685638428, 0.4385058581829071, 28.850479125976562] pose [-21.052316665649414, 17.86205291748047, -3.9257850646972656] dot 0.6565454006195068
HERO_BONE_DELTA 101 10 Bip01_L_ForeTwist rest [12.29262638092041, -0.46342936158180237, 58.163368225097656] pose [-32.25827407836914, -1.5347504615783691, 32.87165069580078] dot -0.010884135961532593
HERO_ANIM_BOUNDS 101 REST [-21.566116333007812, -46.37538146972656, 0.0016835539136081934] [43.28741455078125, 34.055694580078125, 94.66384887695312] root [-0.0, 0.0, 48.93000030517578]
Blender 4.3.1 (hash 33d812126174 built 2024-12-10 10:08:19)
Read blend: "G:\Code\UE\EternalRebirth\SourceArt\Heroes\013\H013_Animated.blend"
Read blend: "G:\Code\UE\EternalRebirth\SourceArt\Heroes\100\H100_Animated.blend"
Read blend: "G:\Code\UE\EternalRebirth\SourceArt\Heroes\101\H101_Animated.blend"

Blender quit
